hidakayuusuke@hidaka desktop % mkdir git_challenge
hidakayuusuke@hidaka desktop % cd git_challenge 
hidakayuusuke@hidaka git_challenge % git init
Initialized empty Git repository in /Users/hidakayuusuke/Desktop/git_challenge/.git/
hidakayuusuke@hidaka git_challenge % git add .
hidakayuusuke@hidaka git_challenge % echo 'Hello, world!' hello_world.txt
Hello, world! hello_world.txt
hidakayuusuke@hidaka git_challenge % git add hello_world.txt
fatal: pathspec 'hello_world.txt' did not match any files
hidakayuusuke@hidaka git_challenge % echo 'Hello, world!' >> hello_world.txt

hidakayuusuke@hidaka git_challenge % git add hello_world.txt
hidakayuusuke@hidaka git_challenge % git commit -m "hello_world.txtを追加" 
[main (root-commit) c742538] hello_world.txtを追加
 1 file changed, 1 insertion(+)
 create mode 100644 hello_world.txt
hidakayuusuke@hidaka git_challenge % echo 'こんにちは、世界！' >> hello_world.txt
hidakayuusuke@hidaka git_challenge % git commit -m "日本語訳を追記"
On branch main
Changes not staged for commit:
  (use "git add <file>..." to update what will be committed)
  (use "git restore <file>..." to discard changes in working directory)
        modified:   hello_world.txt

no changes added to commit (use "git add" and/or "git commit -a")
hidakayuusuke@hidaka git_challenge % git add hello_world.txt 
hidakayuusuke@hidaka git_challenge % git commit -m "日本語訳を追記"
[main 5ba9152] 日本語訳を追記
 1 file changed, 1 insertion(+)
hidakayuusuke@hidaka git_challenge % git log --oneline
5ba9152 (HEAD -> main) 日本語訳を追記
c742538 hello_world.txtを追加
hidakayuusuke@hidaka git_challenge % 